*** EVALUATION ***
PROGRAM "E:\汽车电子\1.萝卜电动汽车\3.软件代码\已发布版本\湖州师范\第三版本硬件11271100-liwei\第三版本硬件\bin\湖州师范151127-liwei"

*********************************************************************************************
TARGET SECTION
---------------------------------------------------------------------------------------------
Processor   : Freescale HC12
Memory Model: BANKED
File Format : ELF\DWARF 2.0
Linker      : SmartLinker V-5.0.50 Build 13113, Apr 24 2013

*********************************************************************************************
FILE SECTION
---------------------------------------------------------------------------------------------
mc9s12g128.c.o                          Model: BANKED,        Lang: ANSI-C
MATH.C.o (ansib.lib)                    Model: BANKED,        Lang: ANSI-C
STDLIB.C.o (ansib.lib)                  Model: BANKED,        Lang: ANSI-C
STRING.C.o (ansib.lib)                  Model: BANKED,        Lang: ANSI-C
DANSI.C.o (ansib.lib)                   Model: BANKED,        Lang: ANSI-C
FADD.C.o (ansib.lib)                    Model: BANKED,        Lang: ANSI-C
FANSI.C.o (ansib.lib)                   Model: BANKED,        Lang: ANSI-C
FCMP.C.o (ansib.lib)                    Model: BANKED,        Lang: ANSI-C
FCONV.C.o (ansib.lib)                   Model: BANKED,        Lang: ANSI-C
FMUL.C.o (ansib.lib)                    Model: BANKED,        Lang: ANSI-C
FREGS.C.o (ansib.lib)                   Model: BANKED,        Lang: ANSI-C
rtshc12.c.o (ansib.lib)                 Model: BANKED,        Lang: ANSI-C
VREGS.C.o (ansib.lib)                   Model: BANKED,        Lang: ANSI-C
adc.c.o                                 Model: BANKED,        Lang: ANSI-C
gprs.c.o                                Model: BANKED,        Lang: ANSI-C
gps.c.o                                 Model: BANKED,        Lang: ANSI-C
init.c.o                                Model: BANKED,        Lang: ANSI-C
io.c.o                                  Model: BANKED,        Lang: ANSI-C
main.c.o                                Model: BANKED,        Lang: ANSI-C
motor.c.o                               Model: BANKED,        Lang: ANSI-C
pwm.c.o                                 Model: BANKED,        Lang: ANSI-C
rupt.c.o                                Model: BANKED,        Lang: ANSI-C
Start12.c.o                             Model: BANKED,        Lang: ANSI-C
tcpudp.c.o                              Model: BANKED,        Lang: ANSI-C
timer.c.o                               Model: BANKED,        Lang: ANSI-C
usart.c.o                               Model: BANKED,        Lang: ANSI-C
can.c.o                                 Model: BANKED,        Lang: ANSI-C
flash.c.o                               Model: BANKED,        Lang: ANSI-C
eps.c.o                                 Model: BANKED,        Lang: ANSI-C
AT.c.o                                  Model: BANKED,        Lang: ANSI-C
Ultrasonic.c.o                          Model: BANKED,        Lang: ANSI-C
qibu.c.o                                Model: BANKED,        Lang: ANSI-C
voice.c.o                               Model: BANKED,        Lang: ANSI-C
D:\Documents\Project\Project_Data\Standard\ObjectCode\main.c.o (security.lib)Model: BANKED,        Lang: ANSI-C
Bluetooth.c.o                           Model: BANKED,        Lang: ANSI-C
duty_calculate.c.o                      Model: BANKED,        Lang: ANSI-C

*********************************************************************************************
STARTUP SECTION
---------------------------------------------------------------------------------------------
Entry point: 0x4000 (_Startup)
_startupData is allocated at 0x400F and uses 6 Bytes
extern struct _tagStartup {
  unsigned nofZeroOut     1
  _Range   pZeroOut       0x3200     2067
  _Copy    *toCopyDownBeg 0x574F
} _startupData;

*********************************************************************************************
SECTION-ALLOCATION SECTION
Section Name                    Size  Type     From       To       Segment
---------------------------------------------------------------------------------------------
.init                             15     R     0x4000     0x400E   ROM_4000
.startData                        10     R     0x400F     0x4018   ROM_4000
.rodata                            8     R     0x4019     0x4020   ROM_4000
.rodata1                         693     R     0x4021     0x42D5   ROM_4000
NON_BANKED                      5241     R     0x42D6     0x574E   ROM_4000
.copy                            121     R     0x574F     0x57C7   ROM_4000
.text                          16341     R    0x88000    0x8BFD4   PAGE_08
.stack                           512   R/W     0x3000     0x31FF   RAM
.data                            115   R/W     0x3200     0x3272   RAM
.abs_section_8                     1   N/I        0x8        0x8   .absSeg0
.abs_section_9                     1   N/I        0x9        0x9   .absSeg1
.abs_section_b                     1   N/I        0xB        0xB   .absSeg2
.abs_section_c                     1   N/I        0xC        0xC   .absSeg3
.abs_section_11                    1   N/I       0x11       0x11   .absSeg4
.abs_section_13                    1   N/I       0x13       0x13   .absSeg5
.abs_section_15                    1   N/I       0x15       0x15   .absSeg6
.abs_section_1c                    1   N/I       0x1C       0x1C   .absSeg7
.abs_section_1e                    1   N/I       0x1E       0x1E   .absSeg8
.abs_section_20                    1   N/I       0x20       0x20   .absSeg9
.abs_section_21                    1   N/I       0x21       0x21   .absSeg10
.abs_section_22                    1   N/I       0x22       0x22   .absSeg11
.abs_section_23                    1   N/I       0x23       0x23   .absSeg12
.abs_section_26                    1   N/I       0x26       0x26   .absSeg13
.abs_section_27                    1   N/I       0x27       0x27   .absSeg14
.abs_section_28                    1   N/I       0x28       0x28   .absSeg15
.abs_section_29                    1   N/I       0x29       0x29   .absSeg16
.abs_section_2a                    1   N/I       0x2A       0x2A   .absSeg17
.abs_section_2b                    1   N/I       0x2B       0x2B   .absSeg18
.abs_section_2c                    1   N/I       0x2C       0x2C   .absSeg19
.abs_section_2d                    1   N/I       0x2D       0x2D   .absSeg20
.abs_section_2e                    1   N/I       0x2E       0x2E   .absSeg21
.abs_section_2f                    1   N/I       0x2F       0x2F   .absSeg22
.abs_section_34                    1   N/I       0x34       0x34   .absSeg23
.abs_section_35                    1   N/I       0x35       0x35   .absSeg24
.abs_section_36                    1   N/I       0x36       0x36   .absSeg25
.abs_section_37                    1   N/I       0x37       0x37   .absSeg26
.abs_section_38                    1   N/I       0x38       0x38   .absSeg27
.abs_section_39                    1   N/I       0x39       0x39   .absSeg28
.abs_section_3a                    1   N/I       0x3A       0x3A   .absSeg29
.abs_section_3b                    1   N/I       0x3B       0x3B   .absSeg30
.abs_section_3c                    1   N/I       0x3C       0x3C   .absSeg31
.abs_section_3f                    1   N/I       0x3F       0x3F   .absSeg32
.abs_section_40                    1   N/I       0x40       0x40   .absSeg33
.abs_section_41                    1   N/I       0x41       0x41   .absSeg34
.abs_section_42                    1   N/I       0x42       0x42   .absSeg35
.abs_section_43                    1   N/I       0x43       0x43   .absSeg36
.abs_section_46                    1   N/I       0x46       0x46   .absSeg37
.abs_section_47                    1   N/I       0x47       0x47   .absSeg38
.abs_section_48                    1   N/I       0x48       0x48   .absSeg39
.abs_section_49                    1   N/I       0x49       0x49   .absSeg40
.abs_section_4a                    1   N/I       0x4A       0x4A   .absSeg41
.abs_section_4b                    1   N/I       0x4B       0x4B   .absSeg42
.abs_section_4c                    1   N/I       0x4C       0x4C   .absSeg43
.abs_section_4d                    1   N/I       0x4D       0x4D   .absSeg44
.abs_section_4e                    1   N/I       0x4E       0x4E   .absSeg45
.abs_section_4f                    1   N/I       0x4F       0x4F   .absSeg46
.abs_section_60                    1   N/I       0x60       0x60   .absSeg47
.abs_section_61                    1   N/I       0x61       0x61   .absSeg48
.abs_section_6c                    1   N/I       0x6C       0x6C   .absSeg49
.abs_section_6e                    1   N/I       0x6E       0x6E   .absSeg50
.abs_section_76                    1   N/I       0x76       0x76   .absSeg51
.abs_section_a0                    1   N/I       0xA0       0xA0   .absSeg52
.abs_section_a1                    1   N/I       0xA1       0xA1   .absSeg53
.abs_section_a2                    1   N/I       0xA2       0xA2   .absSeg54
.abs_section_a3                    1   N/I       0xA3       0xA3   .absSeg55
.abs_section_a4                    1   N/I       0xA4       0xA4   .absSeg56
.abs_section_a5                    1   N/I       0xA5       0xA5   .absSeg57
.abs_section_a6                    1   N/I       0xA6       0xA6   .absSeg58
.abs_section_a8                    1   N/I       0xA8       0xA8   .absSeg59
.abs_section_a9                    1   N/I       0xA9       0xA9   .absSeg60
.abs_section_ca                    1   N/I       0xCA       0xCA   .absSeg61
.abs_section_cb                    1   N/I       0xCB       0xCB   .absSeg62
.abs_section_cc                    1   N/I       0xCC       0xCC   .absSeg63
.abs_section_cd                    1   N/I       0xCD       0xCD   .absSeg64
.abs_section_ce                    1   N/I       0xCE       0xCE   .absSeg65
.abs_section_cf                    1   N/I       0xCF       0xCF   .absSeg66
.abs_section_d2                    1   N/I       0xD2       0xD2   .absSeg67
.abs_section_d3                    1   N/I       0xD3       0xD3   .absSeg68
.abs_section_d4                    1   N/I       0xD4       0xD4   .absSeg69
.abs_section_d5                    1   N/I       0xD5       0xD5   .absSeg70
.abs_section_d6                    1   N/I       0xD6       0xD6   .absSeg71
.abs_section_d7                    1   N/I       0xD7       0xD7   .absSeg72
.abs_section_d8                    1   N/I       0xD8       0xD8   .absSeg73
.abs_section_d9                    1   N/I       0xD9       0xD9   .absSeg74
.abs_section_da                    1   N/I       0xDA       0xDA   .absSeg75
.abs_section_db                    1   N/I       0xDB       0xDB   .absSeg76
.abs_section_ea                    1   N/I       0xEA       0xEA   .absSeg77
.abs_section_eb                    1   N/I       0xEB       0xEB   .absSeg78
.abs_section_ec                    1   N/I       0xEC       0xEC   .absSeg79
.abs_section_ed                    1   N/I       0xED       0xED   .absSeg80
.abs_section_ee                    1   N/I       0xEE       0xEE   .absSeg81
.abs_section_ef                    1   N/I       0xEF       0xEF   .absSeg82
.abs_section_f0                    1   N/I       0xF0       0xF0   .absSeg83
.abs_section_f1                    1   N/I       0xF1       0xF1   .absSeg84
.abs_section_f2                    1   N/I       0xF2       0xF2   .absSeg85
.abs_section_f3                    1   N/I       0xF3       0xF3   .absSeg86
.abs_section_f8                    1   N/I       0xF8       0xF8   .absSeg87
.abs_section_f9                    1   N/I       0xF9       0xF9   .absSeg88
.abs_section_fa                    1   N/I       0xFA       0xFA   .absSeg89
.abs_section_fb                    1   N/I       0xFB       0xFB   .absSeg90
.abs_section_100                   1   N/I      0x100      0x100   .absSeg91
.abs_section_101                   1   N/I      0x101      0x101   .absSeg92
.abs_section_102                   1   N/I      0x102      0x102   .absSeg93
.abs_section_104                   1   N/I      0x104      0x104   .absSeg94
.abs_section_105                   1   N/I      0x105      0x105   .absSeg95
.abs_section_106                   1   N/I      0x106      0x106   .absSeg96
.abs_section_107                   1   N/I      0x107      0x107   .absSeg97
.abs_section_108                   1   N/I      0x108      0x108   .absSeg98
.abs_section_109                   1   N/I      0x109      0x109   .absSeg99
.abs_section_110                   1   N/I      0x110      0x110   .absSeg100
.abs_section_120                   1   N/I      0x120      0x120   .absSeg101
.abs_section_140                   1   N/I      0x140      0x140   .absSeg102
.abs_section_141                   1   N/I      0x141      0x141   .absSeg103
.abs_section_142                   1   N/I      0x142      0x142   .absSeg104
.abs_section_143                   1   N/I      0x143      0x143   .absSeg105
.abs_section_144                   1   N/I      0x144      0x144   .absSeg106
.abs_section_145                   1   N/I      0x145      0x145   .absSeg107
.abs_section_146                   1   N/I      0x146      0x146   .absSeg108
.abs_section_147                   1   N/I      0x147      0x147   .absSeg109
.abs_section_148                   1   N/I      0x148      0x148   .absSeg110
.abs_section_149                   1   N/I      0x149      0x149   .absSeg111
.abs_section_14a                   1   N/I      0x14A      0x14A   .absSeg112
.abs_section_14b                   1   N/I      0x14B      0x14B   .absSeg113
.abs_section_14d                   1   N/I      0x14D      0x14D   .absSeg114
.abs_section_14e                   1   N/I      0x14E      0x14E   .absSeg115
.abs_section_14f                   1   N/I      0x14F      0x14F   .absSeg116
.abs_section_150                   1   N/I      0x150      0x150   .absSeg117
.abs_section_151                   1   N/I      0x151      0x151   .absSeg118
.abs_section_152                   1   N/I      0x152      0x152   .absSeg119
.abs_section_153                   1   N/I      0x153      0x153   .absSeg120
.abs_section_154                   1   N/I      0x154      0x154   .absSeg121
.abs_section_155                   1   N/I      0x155      0x155   .absSeg122
.abs_section_156                   1   N/I      0x156      0x156   .absSeg123
.abs_section_157                   1   N/I      0x157      0x157   .absSeg124
.abs_section_158                   1   N/I      0x158      0x158   .absSeg125
.abs_section_159                   1   N/I      0x159      0x159   .absSeg126
.abs_section_15a                   1   N/I      0x15A      0x15A   .absSeg127
.abs_section_15b                   1   N/I      0x15B      0x15B   .absSeg128
.abs_section_15c                   1   N/I      0x15C      0x15C   .absSeg129
.abs_section_15d                   1   N/I      0x15D      0x15D   .absSeg130
.abs_section_15e                   1   N/I      0x15E      0x15E   .absSeg131
.abs_section_15f                   1   N/I      0x15F      0x15F   .absSeg132
.abs_section_160                   1   N/I      0x160      0x160   .absSeg133
.abs_section_161                   1   N/I      0x161      0x161   .absSeg134
.abs_section_162                   1   N/I      0x162      0x162   .absSeg135
.abs_section_163                   1   N/I      0x163      0x163   .absSeg136
.abs_section_164                   1   N/I      0x164      0x164   .absSeg137
.abs_section_165                   1   N/I      0x165      0x165   .absSeg138
.abs_section_166                   1   N/I      0x166      0x166   .absSeg139
.abs_section_167                   1   N/I      0x167      0x167   .absSeg140
.abs_section_168                   1   N/I      0x168      0x168   .absSeg141
.abs_section_169                   1   N/I      0x169      0x169   .absSeg142
.abs_section_16a                   1   N/I      0x16A      0x16A   .absSeg143
.abs_section_16b                   1   N/I      0x16B      0x16B   .absSeg144
.abs_section_16c                   1   N/I      0x16C      0x16C   .absSeg145
.abs_section_170                   1   N/I      0x170      0x170   .absSeg146
.abs_section_171                   1   N/I      0x171      0x171   .absSeg147
.abs_section_172                   1   N/I      0x172      0x172   .absSeg148
.abs_section_173                   1   N/I      0x173      0x173   .absSeg149
.abs_section_174                   1   N/I      0x174      0x174   .absSeg150
.abs_section_175                   1   N/I      0x175      0x175   .absSeg151
.abs_section_176                   1   N/I      0x176      0x176   .absSeg152
.abs_section_177                   1   N/I      0x177      0x177   .absSeg153
.abs_section_178                   1   N/I      0x178      0x178   .absSeg154
.abs_section_179                   1   N/I      0x179      0x179   .absSeg155
.abs_section_17a                   1   N/I      0x17A      0x17A   .absSeg156
.abs_section_17b                   1   N/I      0x17B      0x17B   .absSeg157
.abs_section_17c                   1   N/I      0x17C      0x17C   .absSeg158
.abs_section_17d                   1   N/I      0x17D      0x17D   .absSeg159
.abs_section_240                   1   N/I      0x240      0x240   .absSeg160
.abs_section_241                   1   N/I      0x241      0x241   .absSeg161
.abs_section_242                   1   N/I      0x242      0x242   .absSeg162
.abs_section_244                   1   N/I      0x244      0x244   .absSeg163
.abs_section_245                   1   N/I      0x245      0x245   .absSeg164
.abs_section_248                   1   N/I      0x248      0x248   .absSeg165
.abs_section_249                   1   N/I      0x249      0x249   .absSeg166
.abs_section_24a                   1   N/I      0x24A      0x24A   .absSeg167
.abs_section_24c                   1   N/I      0x24C      0x24C   .absSeg168
.abs_section_24d                   1   N/I      0x24D      0x24D   .absSeg169
.abs_section_24e                   1   N/I      0x24E      0x24E   .absSeg170
.abs_section_24f                   1   N/I      0x24F      0x24F   .absSeg171
.abs_section_250                   1   N/I      0x250      0x250   .absSeg172
.abs_section_251                   1   N/I      0x251      0x251   .absSeg173
.abs_section_252                   1   N/I      0x252      0x252   .absSeg174
.abs_section_254                   1   N/I      0x254      0x254   .absSeg175
.abs_section_255                   1   N/I      0x255      0x255   .absSeg176
.abs_section_256                   1   N/I      0x256      0x256   .absSeg177
.abs_section_257                   1   N/I      0x257      0x257   .absSeg178
.abs_section_258                   1   N/I      0x258      0x258   .absSeg179
.abs_section_259                   1   N/I      0x259      0x259   .absSeg180
.abs_section_25a                   1   N/I      0x25A      0x25A   .absSeg181
.abs_section_25c                   1   N/I      0x25C      0x25C   .absSeg182
.abs_section_25d                   1   N/I      0x25D      0x25D   .absSeg183
.abs_section_25e                   1   N/I      0x25E      0x25E   .absSeg184
.abs_section_25f                   1   N/I      0x25F      0x25F   .absSeg185
.abs_section_268                   1   N/I      0x268      0x268   .absSeg186
.abs_section_269                   1   N/I      0x269      0x269   .absSeg187
.abs_section_26a                   1   N/I      0x26A      0x26A   .absSeg188
.abs_section_26c                   1   N/I      0x26C      0x26C   .absSeg189
.abs_section_26d                   1   N/I      0x26D      0x26D   .absSeg190
.abs_section_26e                   1   N/I      0x26E      0x26E   .absSeg191
.abs_section_26f                   1   N/I      0x26F      0x26F   .absSeg192
.abs_section_2f1                   1   N/I      0x2F1      0x2F1   .absSeg193
.abs_section_2f2                   1   N/I      0x2F2      0x2F2   .absSeg194
.abs_section_2f3                   1   N/I      0x2F3      0x2F3   .absSeg195
.abs_section_2fa                   1   N/I      0x2FA      0x2FA   .absSeg196
.abs_section_2fb                   1   N/I      0x2FB      0x2FB   .absSeg197
.abs_section_0                     2   N/I        0x0        0x1   .absSeg198
.abs_section_2                     2   N/I        0x2        0x3   .absSeg199
.abs_section_4                     2   N/I        0x4        0x5   .absSeg200
.abs_section_6                     2   N/I        0x6        0x7   .absSeg201
.abs_section_1a                    2   N/I       0x1A       0x1B   .absSeg202
.abs_section_24                    2   N/I       0x24       0x25   .absSeg203
.abs_section_44                    2   N/I       0x44       0x45   .absSeg204
.abs_section_50                    2   N/I       0x50       0x51   .absSeg205
.abs_section_52                    2   N/I       0x52       0x53   .absSeg206
.abs_section_54                    2   N/I       0x54       0x55   .absSeg207
.abs_section_56                    2   N/I       0x56       0x57   .absSeg208
.abs_section_58                    2   N/I       0x58       0x59   .absSeg209
.abs_section_5a                    2   N/I       0x5A       0x5B   .absSeg210
.abs_section_5c                    2   N/I       0x5C       0x5D   .absSeg211
.abs_section_5e                    2   N/I       0x5E       0x5F   .absSeg212
.abs_section_62                    2   N/I       0x62       0x63   .absSeg213
.abs_section_70                    2   N/I       0x70       0x71   .absSeg214
.abs_section_72                    2   N/I       0x72       0x73   .absSeg215
.abs_section_74                    2   N/I       0x74       0x75   .absSeg216
.abs_section_78                    2   N/I       0x78       0x79   .absSeg217
.abs_section_7a                    2   N/I       0x7A       0x7B   .absSeg218
.abs_section_7c                    2   N/I       0x7C       0x7D   .absSeg219
.abs_section_7e                    2   N/I       0x7E       0x7F   .absSeg220
.abs_section_80                    2   N/I       0x80       0x81   .absSeg221
.abs_section_82                    2   N/I       0x82       0x83   .absSeg222
.abs_section_84                    2   N/I       0x84       0x85   .absSeg223
.abs_section_86                    2   N/I       0x86       0x87   .absSeg224
.abs_section_88                    2   N/I       0x88       0x89   .absSeg225
.abs_section_8a                    2   N/I       0x8A       0x8B   .absSeg226
.abs_section_8c                    2   N/I       0x8C       0x8D   .absSeg227
.abs_section_8e                    2   N/I       0x8E       0x8F   .absSeg228
.abs_section_90                    2   N/I       0x90       0x91   .absSeg229
.abs_section_92                    2   N/I       0x92       0x93   .absSeg230
.abs_section_94                    2   N/I       0x94       0x95   .absSeg231
.abs_section_96                    2   N/I       0x96       0x97   .absSeg232
.abs_section_ac                    2   N/I       0xAC       0xAD   .absSeg233
.abs_section_ae                    2   N/I       0xAE       0xAF   .absSeg234
.abs_section_b0                    2   N/I       0xB0       0xB1   .absSeg235
.abs_section_b2                    2   N/I       0xB2       0xB3   .absSeg236
.abs_section_b4                    2   N/I       0xB4       0xB5   .absSeg237
.abs_section_b6                    2   N/I       0xB6       0xB7   .absSeg238
.abs_section_b8                    2   N/I       0xB8       0xB9   .absSeg239
.abs_section_ba                    2   N/I       0xBA       0xBB   .absSeg240
.abs_section_bc                    2   N/I       0xBC       0xBD   .absSeg241
.abs_section_be                    2   N/I       0xBE       0xBF   .absSeg242
.abs_section_c0                    2   N/I       0xC0       0xC1   .absSeg243
.abs_section_c2                    2   N/I       0xC2       0xC3   .absSeg244
.abs_section_c8                    2   N/I       0xC8       0xC9   .absSeg245
.abs_section_d0                    2   N/I       0xD0       0xD1   .absSeg246
.abs_section_dc                    2   N/I       0xDC       0xDD   .absSeg247
.abs_section_e8                    2   N/I       0xE8       0xE9   .absSeg248
.abs_section_f4                    2   N/I       0xF4       0xF5   .absSeg249
.abs_section_fc                    2   N/I       0xFC       0xFD   .absSeg250
.abs_section_10a                   2   N/I      0x10A      0x10B   .absSeg251
.abs_section_16e                   2   N/I      0x16E      0x16F   .absSeg252
.abs_section_17e                   2   N/I      0x17E      0x17F   .absSeg253
.abs_section_270                   2   N/I      0x270      0x271   .absSeg254
.abs_section_272                   2   N/I      0x272      0x273   .absSeg255
.abs_section_274                   2   N/I      0x274      0x275   .absSeg256
.abs_section_278                   2   N/I      0x278      0x279   .absSeg257
.abs_section_27a                   2   N/I      0x27A      0x27B   .absSeg258
.abs_section_27c                   2   N/I      0x27C      0x27D   .absSeg259
.abs_section_27e                   2   N/I      0x27E      0x27F   .absSeg260
.abs_section_2f4                   2   N/I      0x2F4      0x2F5   .absSeg261
.abs_section_2f8                   2   N/I      0x2F8      0x2F9   .absSeg262
.bss                             690   R/W     0x3273     0x3524   RAM
.common                         1262   R/W     0x3525     0x3A12   RAM
RAM_CODE                          11     R    0xA96C0    0xA96CA   PAGE_0A
PAGE_09_263                    16373     R    0x98000    0x9BFF4   PAGE_09
PAGE_0A_264                     5824     R    0xA8000    0xA96BF   PAGE_0A
.vectSeg265_vect                   4     R     0x7FB0     0x7FB3   .vectSeg265
.vectSeg266_vect                   2     R     0x7FC2     0x7FC3   .vectSeg266
.vectSeg267_vect                   4     R     0x7FD4     0x7FD7   .vectSeg267
.vectSeg268_vect                   2     R     0x7FDE     0x7FDF   .vectSeg268
.vectSeg269_vect                   6     R     0x7FE4     0x7FE9   .vectSeg269
.vectSeg270_vect                   4     R     0x7FEE     0x7FF1   .vectSeg270
.vectSeg271_vect                   2     R     0xFFFE     0xFFFF   .vectSeg271

Summary of section sizes per section type:
READ_ONLY (R):        AE75 (dec:    44661)
READ_WRITE (R/W):      A13 (dec:     2579)
NO_INIT (N/I):         148 (dec:      328)

*********************************************************************************************
VECTOR-ALLOCATION SECTION
    Address     InitValue   InitFunction
---------------------------------------------------------------------------------------------
     0x7FB0        0x56FD   CAN_Tx_interrupt
     0x7FB2        0x56E8   Canrx_Process_INT
     0x7FC2        0x4805   SCI2_ISR
     0x7FD4        0x486D   SCI1_ISR
     0x7FD6        0x49F6   SCI0_ISR
     0x7FDE        0x4A32   ECT_TimerOverflow_ISR
     0x7FE4        0x4DBD   TIM5_ISR
     0x7FE6        0x4C02   TIM4_ISR
     0x7FE8        0x4DE4   TIM3_ISR
     0x7FEE        0x4A42   TIM0_ISR
     0x7FF0        0x4A3E   RTI_ISR
     0xFFFE        0x4000   _Startup

*********************************************************************************************
OBJECT-ALLOCATION SECTION
     Name               Module                 Addr   hSize   dSize     Ref    Section   RLIB
---------------------------------------------------------------------------------------------
MODULE:                 -- mc9s12g128.c.o --
- PROCEDURES:
- VARIABLES:
     _PORTE                                       8       1       1       0   .abs_section_8
     _DDRE                                        9       1       1       0   .abs_section_9
     _MODE                                        B       1       1       0   .abs_section_b
     _PUCR                                        C       1       1       0   .abs_section_c
     _DIRECT                                     11       1       1       0   .abs_section_11
     _MMCCTL1                                    13       1       1       0   .abs_section_13
     _PPAGE                                      15       1       1       2   .abs_section_15
     _ECLKCTL                                    1C       1       1       0   .abs_section_1c
     _IRQCR                                      1E       1       1       0   .abs_section_1e
     _DBGC1                                      20       1       1       0   .abs_section_20
     _DBGSR                                      21       1       1       0   .abs_section_21
     _DBGTCR                                     22       1       1       0   .abs_section_22
     _DBGC2                                      23       1       1       0   .abs_section_23
     _DBGCNT                                     26       1       1       0   .abs_section_26
     _DBGSCRX                                    27       1       1       0   .abs_section_27
     _DBGXCTL                                    28       1       1       0   .abs_section_28
     _DBGXAH                                     29       1       1       0   .abs_section_29
     _DBGXAM                                     2A       1       1       0   .abs_section_2a
     _DBGXAL                                     2B       1       1       0   .abs_section_2b
     _DBGADH                                     2C       1       1       0   .abs_section_2c
     _DBGADL                                     2D       1       1       0   .abs_section_2d
     _DBGADHM                                    2E       1       1       0   .abs_section_2e
     _DBGADLM                                    2F       1       1       0   .abs_section_2f
     _CPMUSYNR                                   34       1       1       0   .abs_section_34
     _CPMUREFDIV                                 35       1       1       0   .abs_section_35
     _CPMUPOSTDIV                                36       1       1       0   .abs_section_36
     _CPMUFLG                                    37       1       1       1   .abs_section_37
     _CPMUINT                                    38       1       1       1   .abs_section_38
     _CPMUCLKS                                   39       1       1       1   .abs_section_39
     _CPMUPLL                                    3A       1       1       0   .abs_section_3a
     _CPMURTI                                    3B       1       1       1   .abs_section_3b
     _CPMUCOP                                    3C       1       1       0   .abs_section_3c
     _CPMUARMCOP                                 3F       1       1       0   .abs_section_3f
     _TIOS                                       40       1       1       4   .abs_section_40
     _CFORC                                      41       1       1       0   .abs_section_41
     _OC7M                                       42       1       1       0   .abs_section_42
     _OC7D                                       43       1       1       0   .abs_section_43
     _TSCR1                                      46       1       1       4   .abs_section_46
     _TTOV                                       47       1       1       2   .abs_section_47
     _TCTL1                                      48       1       1       0   .abs_section_48
     _TCTL2                                      49       1       1       4   .abs_section_49
     _TCTL3                                      4A       1       1      14   .abs_section_4a
     _TCTL4                                      4B       1       1       0   .abs_section_4b
     _TIE                                        4C       1       1       4   .abs_section_4c
     _TSCR2                                      4D       1       1       4   .abs_section_4d
     _TFLG1                                      4E       1       1       6   .abs_section_4e
     _TFLG2                                      4F       1       1       1   .abs_section_4f
     _PACTL                                      60       1       1       0   .abs_section_60
     _PAFLG                                      61       1       1       0   .abs_section_61
     _OCPD                                       6C       1       1       0   .abs_section_6c
     _PTPSR                                      6E       1       1       0   .abs_section_6e
     _ATDSTAT0                                   76       1       1       1   .abs_section_76
     _PWME                                       A0       1       1       9   .abs_section_a0
     _PWMPOL                                     A1       1       1       3   .abs_section_a1
     _PWMCLK                                     A2       1       1       3   .abs_section_a2
     _PWMPRCLK                                   A3       1       1       1   .abs_section_a3
     _PWMCAE                                     A4       1       1       3   .abs_section_a4
     _PWMCTL                                     A5       1       1       1   .abs_section_a5
     _PWMCLKAB                                   A6       1       1       3   .abs_section_a6
     _PWMSCLA                                    A8       1       1       1   .abs_section_a8
     _PWMSCLB                                    A9       1       1       1   .abs_section_a9
     _SCI0ACR2                                   CA       1       1       1   .abs_section_ca
     _SCI0CR2                                    CB       1       1       1   .abs_section_cb
     _SCI0SR1                                    CC       1       1       2   .abs_section_cc
     _SCI0SR2                                    CD       1       1       0   .abs_section_cd
     _SCI0DRH                                    CE       1       1       0   .abs_section_ce
     _SCI0DRL                                    CF       1       1       2   .abs_section_cf
     _SCI1ACR2                                   D2       1       1       1   .abs_section_d2
     _SCI1CR2                                    D3       1       1       1   .abs_section_d3
     _SCI1SR1                                    D4       1       1       2   .abs_section_d4
     _SCI1SR2                                    D5       1       1       0   .abs_section_d5
     _SCI1DRH                                    D6       1       1       0   .abs_section_d6
     _SCI1DRL                                    D7       1       1       2   .abs_section_d7
     _SPI0CR1                                    D8       1       1       0   .abs_section_d8
     _SPI0CR2                                    D9       1       1       0   .abs_section_d9
     _SPI0BR                                     DA       1       1       0   .abs_section_da
     _SPI0SR                                     DB       1       1       0   .abs_section_db
     _SCI2ACR2                                   EA       1       1       1   .abs_section_ea
     _SCI2CR2                                    EB       1       1       3   .abs_section_eb
     _SCI2SR1                                    EC       1       1       4   .abs_section_ec
     _SCI2SR2                                    ED       1       1       0   .abs_section_ed
     _SCI2DRH                                    EE       1       1       0   .abs_section_ee
     _SCI2DRL                                    EF       1       1       3   .abs_section_ef
     _SPI1CR1                                    F0       1       1       1   .abs_section_f0
     _SPI1CR2                                    F1       1       1       0   .abs_section_f1
     _SPI1BR                                     F2       1       1       0   .abs_section_f2
     _SPI1SR                                     F3       1       1       0   .abs_section_f3
     _SPI2CR1                                    F8       1       1       1   .abs_section_f8
     _SPI2CR2                                    F9       1       1       0   .abs_section_f9
     _SPI2BR                                     FA       1       1       0   .abs_section_fa
     _SPI2SR                                     FB       1       1       0   .abs_section_fb
     _FCLKDIV                                   100       1       1       4   .abs_section_100
     _FSEC                                      101       1       1       0   .abs_section_101
     _FCCOBIX                                   102       1       1       1   .abs_section_102
     _FCNFG                                     104       1       1       1   .abs_section_104
     _FERCNFG                                   105       1       1       0   .abs_section_105
     _FSTAT                                     106       1       1       6   .abs_section_106
     _FERSTAT                                   107       1       1       0   .abs_section_107
     _FPROT                                     108       1       1       0   .abs_section_108
     _DFPROT                                    109       1       1       0   .abs_section_109
     _FOPT                                      110       1       1       0   .abs_section_110
     _IVBR                                      120       1       1       1   .abs_section_120
     _CANCTL0                                   140       1       1       3   .abs_section_140
     _CANCTL1                                   141       1       1       7   .abs_section_141
     _CANBTR0                                   142       1       1       5   .abs_section_142
     _CANBTR1                                   143       1       1       5   .abs_section_143
     _CANRFLG                                   144       1       1       2   .abs_section_144
     _CANRIER                                   145       1       1       2   .abs_section_145
     _CANTFLG                                   146       1       1       4   .abs_section_146
     _CANTIER                                   147       1       1       1   .abs_section_147
     _CANTARQ                                   148       1       1       0   .abs_section_148
     _CANTAAK                                   149       1       1       0   .abs_section_149
     _CANTBSEL                                  14A       1       1       2   .abs_section_14a
     _CANIDAC                                   14B       1       1       1   .abs_section_14b
     _CANMISC                                   14D       1       1       0   .abs_section_14d
     _CANRXERR                                  14E       1       1       0   .abs_section_14e
     _CANTXERR                                  14F       1       1       0   .abs_section_14f
     _CANIDAR0                                  150       1       1       0   .abs_section_150
     _CANIDAR1                                  151       1       1       0   .abs_section_151
     _CANIDAR2                                  152       1       1       0   .abs_section_152
     _CANIDAR3                                  153       1       1       0   .abs_section_153
     _CANIDMR0                                  154       1       1       1   .abs_section_154
     _CANIDMR1                                  155       1       1       1   .abs_section_155
     _CANIDMR2                                  156       1       1       1   .abs_section_156
     _CANIDMR3                                  157       1       1       1   .abs_section_157
     _CANIDAR4                                  158       1       1       0   .abs_section_158
     _CANIDAR5                                  159       1       1       0   .abs_section_159
     _CANIDAR6                                  15A       1       1       0   .abs_section_15a
     _CANIDAR7                                  15B       1       1       0   .abs_section_15b
     _CANIDMR4                                  15C       1       1       0   .abs_section_15c
     _CANIDMR5                                  15D       1       1       0   .abs_section_15d
     _CANIDMR6                                  15E       1       1       0   .abs_section_15e
     _CANIDMR7                                  15F       1       1       0   .abs_section_15f
     _CANRXIDR0                                 160       1       1       2   .abs_section_160
     _CANRXIDR1                                 161       1       1       2   .abs_section_161
     _CANRXIDR2                                 162       1       1       0   .abs_section_162
     _CANRXIDR3                                 163       1       1       1   .abs_section_163
     _CANRXDSR0                                 164       1       1       1   .abs_section_164
     _CANRXDSR1                                 165       1       1       0   .abs_section_165
     _CANRXDSR2                                 166       1       1       0   .abs_section_166
     _CANRXDSR3                                 167       1       1       0   .abs_section_167
     _CANRXDSR4                                 168       1       1       0   .abs_section_168
     _CANRXDSR5                                 169       1       1       0   .abs_section_169
     _CANRXDSR6                                 16A       1       1       0   .abs_section_16a
     _CANRXDSR7                                 16B       1       1       0   .abs_section_16b
     _CANRXDLR                                  16C       1       1       1   .abs_section_16c
     _CANTXIDR0                                 170       1       1       1   .abs_section_170
     _CANTXIDR1                                 171       1       1       1   .abs_section_171
     _CANTXIDR2                                 172       1       1       1   .abs_section_172
     _CANTXIDR3                                 173       1       1       1   .abs_section_173
     _CANTXDSR0                                 174       1       1       1   .abs_section_174
     _CANTXDSR1                                 175       1       1       1   .abs_section_175
     _CANTXDSR2                                 176       1       1       1   .abs_section_176
     _CANTXDSR3                                 177       1       1       1   .abs_section_177
     _CANTXDSR4                                 178       1       1       1   .abs_section_178
     _CANTXDSR5                                 179       1       1       1   .abs_section_179
     _CANTXDSR6                                 17A       1       1       1   .abs_section_17a
     _CANTXDSR7                                 17B       1       1       1   .abs_section_17b
     _CANTXDLR                                  17C       1       1       1   .abs_section_17c
     _CANTXTBPR                                 17D       1       1       1   .abs_section_17d
     _PTT                                       240       1       1      47   .abs_section_240
     _PTIT                                      241       1       1       0   .abs_section_241
     _DDRT                                      242       1       1       1   .abs_section_242
     _PERT                                      244       1       1       1   .abs_section_244
     _PPST                                      245       1       1       1   .abs_section_245
     _PTS                                       248       1       1      25   .abs_section_248
     _PTIS                                      249       1       1       0   .abs_section_249
     _DDRS                                      24A       1       1      10   .abs_section_24a
     _PERS                                      24C       1       1       1   .abs_section_24c
     _PPSS                                      24D       1       1       1   .abs_section_24d
     _WOMS                                      24E       1       1       0   .abs_section_24e
     _PRR0                                      24F       1       1       0   .abs_section_24f
     _PTM                                       250       1       1       1   .abs_section_250
     _PTIM                                      251       1       1       0   .abs_section_251
     _DDRM                                      252       1       1       2   .abs_section_252
     _PERM                                      254       1       1       1   .abs_section_254
     _PPSM                                      255       1       1       0   .abs_section_255
     _WOMM                                      256       1       1       0   .abs_section_256
     _PKGCR                                     257       1       1       0   .abs_section_257
     _PTP                                       258       1       1      29   .abs_section_258
     _PTIP                                      259       1       1       0   .abs_section_259
     _DDRP                                      25A       1       1       1   .abs_section_25a
     _PERP                                      25C       1       1       1   .abs_section_25c
     _PPSP                                      25D       1       1       1   .abs_section_25d
     _PIEP                                      25E       1       1       0   .abs_section_25e
     _PIFP                                      25F       1       1       0   .abs_section_25f
     _PTJ                                       268       1       1      51   .abs_section_268
     _PTIJ                                      269       1       1       0   .abs_section_269
     _DDRJ                                      26A       1       1       1   .abs_section_26a
     _PERJ                                      26C       1       1       1   .abs_section_26c
     _PPSJ                                      26D       1       1       1   .abs_section_26d
     _PIEJ                                      26E       1       1       0   .abs_section_26e
     _PIFJ                                      26F       1       1       0   .abs_section_26f
     _CPMULVCTL                                 2F1       1       1       0   .abs_section_2f1
     _CPMUAPICTL                                2F2       1       1       0   .abs_section_2f2
     _CPMUACLKTR                                2F3       1       1       0   .abs_section_2f3
     _CPMUOSC                                   2FA       1       1       0   .abs_section_2fa
     _CPMUPROT                                  2FB       1       1       0   .abs_section_2fb
     _PORTAB                                      0       2       2       0   .abs_section_0
     _DDRAB                                       2       2       2       0   .abs_section_2
     _PORTCD                                      4       2       2       0   .abs_section_4
     _DDRCD                                       6       2       2       0   .abs_section_6
     _PARTID                                     1A       2       2       0   .abs_section_1a
     _DBGTB                                      24       2       2       0   .abs_section_24
     _TCNT                                       44       2       2       8   .abs_section_44
     _TC0                                        50       2       2       2   .abs_section_50
     _TC1                                        52       2       2       0   .abs_section_52
     _TC2                                        54       2       2       0   .abs_section_54
     _TC3                                        56       2       2       2   .abs_section_56
     _TC4                                        58       2       2       0   .abs_section_58
     _TC5                                        5A       2       2       0   .abs_section_5a
     _TC6                                        5C       2       2       0   .abs_section_5c
     _TC7                                        5E       2       2       0   .abs_section_5e
     _PACNT                                      62       2       2       0   .abs_section_62
     _ATDCTL01                                   70       2       2       1   .abs_section_70
     _ATDCTL23                                   72       2       2       2   .abs_section_72
     _ATDCTL45                                   74       2       2       2   .abs_section_74
     _ATDCMPE                                    78       2       2       0   .abs_section_78
     _ATDSTAT2                                   7A       2       2       0   .abs_section_7a
     _ATDDIEN                                    7C       2       2       4   .abs_section_7c
     _ATDCMPHT                                   7E       2       2       0   .abs_section_7e
     _ATDDR0                                     80       2       2       1   .abs_section_80
     _ATDDR1                                     82       2       2       0   .abs_section_82
     _ATDDR2                                     84       2       2       0   .abs_section_84
     _ATDDR3                                     86       2       2       0   .abs_section_86
     _ATDDR4                                     88       2       2       0   .abs_section_88
     _ATDDR5                                     8A       2       2       0   .abs_section_8a
     _ATDDR6                                     8C       2       2       0   .abs_section_8c
     _ATDDR7                                     8E       2       2       0   .abs_section_8e
     _ATDDR8                                     90       2       2       0   .abs_section_90
     _ATDDR9                                     92       2       2       0   .abs_section_92
     _ATDDR10                                    94       2       2       0   .abs_section_94
     _ATDDR11                                    96       2       2       0   .abs_section_96
     _PWMCNT01                                   AC       2       2       0   .abs_section_ac
     _PWMCNT23                                   AE       2       2       0   .abs_section_ae
     _PWMCNT45                                   B0       2       2       0   .abs_section_b0
     _PWMCNT67                                   B2       2       2       0   .abs_section_b2
     _PWMPER01                                   B4       2       2       1   .abs_section_b4
     _PWMPER23                                   B6       2       2       1   .abs_section_b6
     _PWMPER45                                   B8       2       2       2   .abs_section_b8
     _PWMPER67                                   BA       2       2       2   .abs_section_ba
     _PWMDTY01                                   BC       2       2       1   .abs_section_bc
     _PWMDTY23                                   BE       2       2       1   .abs_section_be
     _PWMDTY45                                   C0       2       2       2   .abs_section_c0
     _PWMDTY67                                   C2       2       2       2   .abs_section_c2
     _SCI0BD                                     C8       2       2       2   .abs_section_c8
     _SCI1BD                                     D0       2       2       2   .abs_section_d0
     _SPI0DR                                     DC       2       2       0   .abs_section_dc
     _SCI2BD                                     E8       2       2       2   .abs_section_e8
     _SPI1DR                                     F4       2       2       0   .abs_section_f4
     _SPI2DR                                     FC       2       2       0   .abs_section_fc
     _FCCOB                                     10A       2       2       1   .abs_section_10a
     _CANRXTSR                                  16E       2       2       0   .abs_section_16e
     _CANTXTSR                                  17E       2       2       0   .abs_section_17e
     _PT01AD                                    270       2       2      26   .abs_section_270
     _PTI01AD                                   272       2       2       4   .abs_section_272
     _DDR01AD                                   274       2       2       4   .abs_section_274
     _PER01AD                                   278       2       2       2   .abs_section_278
     _PPS01AD                                   27A       2       2       2   .abs_section_27a
     _PIE01AD                                   27C       2       2       0   .abs_section_27c
     _PIF01AD                                   27E       2       2       0   .abs_section_27e
     _CPMUAPIR                                  2F4       2       2       0   .abs_section_2f4
     _CPMUIRCTRIM                               2F8       2       2       0   .abs_section_2f8
MODULE:                 -- MATH.C.o (ansib.lib) --
- PROCEDURES:
     logb                                     88000       E      14       4   .text       
     fabs                                     8800E      10      16       8   .text       
     is_special                               8801E      3C      60      12   .text       
     log_r                                    8805A     183     387       3   .text       
     log                                      881DD      61      97       2   .text       
     sqrt_r                                   8823E      C8     200       3   .text       
     sqrt                                     88306      42      66       2   .text       
     SetSign                                  88348      21      33       4   .text       
     atan2                                    88369     4F7    1271      35   .text       
     asin                                     88860      6F     111       4   .text       
- VARIABLES:
     infinity                                  4019       4       4       6   .rodata     
     nan_union                                 401D       4       4       6   .rodata     
MODULE:                 -- STDLIB.C.o (ansib.lib) --
- PROCEDURES:
     abs                                      888CF       A      10       8   .text       
- VARIABLES:
MODULE:                 -- STRING.C.o (ansib.lib) --
- PROCEDURES:
     memcpy                                   888D9      24      36     618   .text       
     memset                                   888FD      18      24      34   .text       
- VARIABLES:
MODULE:                 -- DANSI.C.o (ansib.lib) --
- PROCEDURES:
     frexp                                     42D6       3       3       3   NON_BANKED  
     ldexp                                     42D9       3       3       6   NON_BANKED  
- VARIABLES:
MODULE:                 -- FADD.C.o (ansib.lib) --
- PROCEDURES:
     F_ADDKL                                   42DC      67     103       1   NON_BANKED  
     _FADD                                     4343      15      21      57   NON_BANKED  
     _FSUB                                     4358      13      19      44   NON_BANKED  
     _FNEG                                     436B       B      11       3   NON_BANKED  
- VARIABLES:
MODULE:                 -- FANSI.C.o (ansib.lib) --
- PROCEDURES:
     F_FREXP                                   4376      1F      31       1   NON_BANKED  
     F_LDEXP                                   4395      15      21       1   NON_BANKED  
     frexpf                                    43AA      19      25       1   NON_BANKED  
     RetErrDom                                 43C3       D      13       1   NON_BANKED  
     ldexpf                                    43D0      1E      30       1   NON_BANKED  
- VARIABLES:
MODULE:                 -- FCMP.C.o (ansib.lib) --
- PROCEDURES:
     _FCMP                                     43EE      26      38      69   NON_BANKED  
- VARIABLES:
MODULE:                 -- FCONV.C.o (ansib.lib) --
- PROCEDURES:
     F_TOLONGK                                 4414      33      51       1   NON_BANKED  
     F_FRLONGK                                 4447      1F      31       2   NON_BANKED  
     _FSFLOAT                                  4466      12      18      11   NON_BANKED  
     _FUFLOAT                                  4478      12      18      52   NON_BANKED  
     _FSTRUNC                                  448A      11      17       6   NON_BANKED  
     _FUTRUNC                                  449B       3       3      40   NON_BANKED  
- VARIABLES:
MODULE:                 -- FMUL.C.o (ansib.lib) --
- PROCEDURES:
     F_DIVKL                                   449E      8E     142       1   NON_BANKED  
     F_MULKL                                   452C      58      88       1   NON_BANKED  
     _FMUL                                     4584      14      20      66   NON_BANKED  
     _FDIV                                     4598      1E      30      64   NON_BANKED  
- VARIABLES:
MODULE:                 -- FREGS.C.o (ansib.lib) --
- PROCEDURES:
     F_PULK                                    45B6      15      21       4   NON_BANKED  
     F_PULL                                    45CB      15      21       5   NON_BANKED  
     F_PSHK                                    45E0      13      19       7   NON_BANKED  
     F_TLK                                     45F3       D      13       2   NON_BANKED  
     F_XGKL                                    4600      21      33       2   NON_BANKED  
     F_CLRK                                    4621       B      11       2   NON_BANKED  
     F_MAXK                                    462C       9       9       2   NON_BANKED  
     F_NORMK                                   4635      3E      62       4   NON_BANKED  
- VARIABLES:
MODULE:                 -- rtshc12.c.o (ansib.lib) --
- PROCEDURES:
     _LSHL                                     4673      11      17       6   NON_BANKED  
     _LCMP                                     4684      19      25       6   NON_BANKED  
     _LCMP_P                                   469D      15      21       3   NON_BANKED  
     _LCOM                                     46B2       9       9       2   NON_BANKED  
     _LMULU16x32                               46BB       F      15       2   NON_BANKED  
     _lDivMod                                  46CA      BE     190       2   NON_BANKED  
     _LDIVU                                    4788       E      14       6   NON_BANKED  
     _NEG_P                                    4796       F      15       1   NON_BANKED  
     _LMODU                                    47A5      11      17      10   NON_BANKED  
     _ILSEXT                                   47B6       7       7       2   NON_BANKED  
     _COPY                                     47BD       8       8       5   NON_BANKED  
     _CASE_DIRECT_BYTE                         47C5       5       5      10   NON_BANKED  
     _CASE_CHECKED                             47CA       B      11       1   NON_BANKED  
     _CASE_CHECKED_BYTE                        47D5      14      20      12   NON_BANKED  
- VARIABLES:
     errno                                     3525       2       2       6   .common     
MODULE:                 -- VREGS.C.o (ansib.lib) --
- PROCEDURES:
     L_NEGK                                    47E9       7       7       2   NON_BANKED  
     L_PSHK                                    47F0       8       8       1   NON_BANKED  
     UL_PULK                                   47F8       3       3       1   NON_BANKED  
     SL_PULK                                   47FB       A      10       1   NON_BANKED  
- VARIABLES:
MODULE:                 -- adc.c.o --
- PROCEDURES:
     ADC_Init                                 88915      1E      30       2   .text       
     ADC_GetValue                             88933       B      11      22   .text       
     SignalFilter                             8893E      B7     183      16   .text       
     BatteryDataProc                          889F5     111     273       2   .text       
     ComputeCarAngle                          88B06     1BB     443       2   .text       
- VARIABLES:
     ADC_Cfg                                   3200       3       3       1   .data       
MODULE:                 -- gprs.c.o --
- PROCEDURES:
     Set_GPRS_Baudrate                        88CC1      15      21       2   .text       
     Set_Save                                 88CD6      15      21       2   .text       
     Set_Cannel_Reply                         88CEB      15      21       2   .text       
     First_GPRS_Init                          88D00      1B      27       2   .text       
     Init_GPRS                                88D1B      97     151       6   .text       
     GPRS_Start_Task_Set_APN_Usr_Pwd          88DB2      15      21       6   .text       
     GPRS_Wireless_Connect_GPRS_OR_CSD        88DC7      15      21       4   .text       
     GPRS_Set_Local_Port                      88DDC      15      21       2   .text       
     GPRS_Get_Local_IP                        88DF1      15      21       2   .text       
     GPRS_Get_SIM_ICCID                       88E06      65     101       2   .text       
     GPRS_Open_UDP_OR_TCP_Connection          88E6B      34      52       4   .text       
     GPRS_Enable_Send_Data_By_UDP_OR_TCP      88E9F      D2     210      46   .text       
     GPRS_Close_UDP_OR_TCP_Connection         88F71      15      21       4   .text       
     GPRS_Close_PDP_Connection                88F86      15      21       4   .text       
     GPRS_SERVICE_ATTACH                      88F9B      61      97       2   .text       
- VARIABLES:
     STRING.AT.IPR.9600...1                    4021       E      14       1   .rodata1    
     STRING.OK.2                               402F       3       3       1   .rodata1    
     STRING.AT.W...3                           4032       7       7       1   .rodata1    
     STRING.OK.4                               4039       3       3       1   .rodata1    
     STRING.ATE0...5                           403C       7       7       1   .rodata1    
     STRING.OK.6                               4043       3       3       1   .rodata1    
     STRING.AT.CSTT..CMNET.......10            4046      18      24       1   .rodata1    
     STRING.OK.11                              405E       3       3       1   .rodata1    
     STRING.AT.CIICR...14                      4061       B      11       1   .rodata1    
     STRING.OK.15                              406C       3       3       1   .rodata1    
     STRING.AT.CLPORT..UDP...912.16            406F      19      25       1   .rodata1    
     STRING.OK.17                              4088       3       3       1   .rodata1    
     STRING.AT.CIFSR...18                      408B       B      11       1   .rodata1    
     STRING...19                               4096       2       2       1   .rodata1    
     STRING.AT.CCID...20                       4098       A      10       1   .rodata1    
     STRING.OK.21                              40A2       3       3       1   .rodata1    
     STRING.AT.CIPSTART..TCP...d.22            40A5      2F      47       1   .rodata1    
     STRING.AT.CIPSTART..TCP...c.23            40D4      34      52       1   .rodata1    
     STRING.AT.CIPSTART..UDP...d.24            4108      2F      47       1   .rodata1    
     STRING.AT.CIPSTART..UDP...c.25            4137      34      52       1   .rodata1    
     STRING.CONNECT.OK.26                      416B       B      11       1   .rodata1    
     STRING...28                               4176       2       2       1   .rodata1    
     STRING.AT.CIPCLOSE...29                   4178       E      14       1   .rodata1    
     STRING.OK.30                              4186       3       3       1   .rodata1    
     STRING.AT.CIPSHUT...31                    4189       D      13       1   .rodata1    
     STRING.OK.32                              4196       3       3       1   .rodata1    
     STRING..CGATT..0.47                       4199       A      10       1   .rodata1    
     STRING..CGATT..1.48                       41A3       A      10       1   .rodata1    
     STRING.AT.CGATT....49                     41AD       C      12       1   .rodata1    
     GPRS_ERROR                                3273       1       1       3   .bss        
MODULE:                 -- gps.c.o --
- PROCEDURES:
     Init_GPS                                 88FFC      1C      28       6   .text       
     PowerOn_GPS                              89018      15      21       2   .text       
     ColdStart_GPS                            8902D      1D      29       2   .text       
     SetGPS_Baudrate                          8904A      15      21       4   .text       
     OpenGPS_COM_Output                       8905F      15      21       2   .text       
     Close_GPS                                89074       7       7       2   .text       
     Restart_GPS                              8907B      15      21       2   .text       
     Cmd_GPS                                  89090      C5     197       7   .text       
     GetGPS_Info                              89155     3C1     961       6   .text       
     compare                                  89516      1F      31      16   .text       
     GPSfence                                 89535     137     311       5   .text       
- VARIABLES:
     STRING.AT.CGPSPWR.1...1                   41B9       F      15       1   .rodata1    
     STRING.OK.2                               41C8       3       3       1   .rodata1    
     STRING.AT.CGPSRST.0...3                   41CB       F      15       1   .rodata1    
     STRING.AT.CGPSRST.1...4                   41DA       F      15       1   .rodata1    
     STRING.OK.5                               41E9       3       3       1   .rodata1    
     STRING.AT.CGPSIPR.9600...6                41EC      12      18       1   .rodata1    
     STRING.OK.7                               41FE       3       3       1   .rodata1    
     STRING.AT.CGPSOUT.2...8                   4201       F      15       1   .rodata1    
     STRING.OK.9                               4210       3       3       1   .rodata1    
     STRING.AT.CGPSPWR.1.10                    4213       D      13       1   .rodata1    
     STRING.AT.CGPSPWR.0.11                    4220       D      13       1   .rodata1    
     STRING.AT.CGPSRST.0.12                    422D       D      13       1   .rodata1    
     STRING.AT.CGPSRST.1.13                    423A       D      13       1   .rodata1    
     STRING.AT.CGPSIPR.9600.14                 4247      10      16       1   .rodata1    
     STRING.AT.CGPSSTATUS..15                  4257       F      15       1   .rodata1    
     STRING.AT.CGPSOUT.0.16                    4266       D      13       1   .rodata1    
     STRING.AT.CGPSOUT.2.17                    4273       D      13       1   .rodata1    
     STRING.AT.CGPSINF.32.18                   4280       E      14       1   .rodata1    
     STRING.AT.CGPSINF.0.19                    428E       D      13       1   .rodata1    
     GPSFirstLocateFlag                        3274       1       1       5   .bss        
     counter.20                                3275       1       1       6   .bss        
MODULE:                 -- init.c.o --
- PROCEDURES:
     DEV_Init                                 8966C      CA     202       2   .text       
     CarDataInit                              89736      67     103       2   .text       
     TripDataInit                             8979D      2A      42       8   .text       
     MotorInit                                897C7      6C     108       2   .text       
- VARIABLES:
MODULE:                 -- io.c.o --
- PROCEDURES:
     GPIO_init                                89833      EB     235       4   .text       
     driverless_IO_Control                    8991E      5B      91       2   .text       
     IO_Control                               89979     163     355       2   .text       
     Read74HC151                              89ADC      7F     127      44   .text       
- VARIABLES:
     GPIO_Port_Cfg                             3203      24      36       1   .data       
     GPIO_Cfg                                  3227       3       3       1   .data       
     ReverselampStatus                         3276       1       1       5   .bss        
     BrakeRelayStatus                          3277       1       1       4   .bss        
     switchON.1                                3278       6       6      30   .bss        
     device                                    3527       1       1      67   .common     
     deviceswitch                              3528       1       1       1   .common     
MODULE:                 -- main.c.o --
- PROCEDURES:
     main                                     89B5B     785    1925       8   .text       
- VARIABLES:
     Controller_Type                           322A       1       1       9   .data       
MODULE:                 -- motor.c.o --
- PROCEDURES:
- VARIABLES:
     start_flag                                327E       1       1       7   .bss        
     last_plus_count                           327F       2       2      10   .bss        
     time_count                                3281       1       1      11   .bss        
MODULE:                 -- pwm.c.o --
- PROCEDURES:
     PWMEnable                                8A2E0      18      24      10   .text       
     PWMDisable                               8A2F8      19      25      18   .text       
     PWMGeneralInit                           8A311      14      20       2   .text       
     PWMSinglePortInit                        8A325      98     152       4   .text       
     PWMConcatenatePortSetting                8A3BD      9C     156       4   .text       
     pwm_regesiterset                         8A459      10      16      22   .text       
     epspwm_regesiterset                      8A469      10      16       6   .text       
     pwm_dutyset                              8A479     339     825      10   .text       
- VARIABLES:
     Duty2.3                                   322B       2       2       3   .data       
     duty_per                                  3282       1       1       7   .bss        
     feedback_time.2                           3283       1       1       5   .bss        
     PWM_Duty.4                                3284       8       8      20   .bss        
MODULE:                 -- rupt.c.o --
- PROCEDURES:
     SCI2_ISR                                  4805      68     104       0   NON_BANKED  
     SCI1_ISR                                  486D     189     393       1   NON_BANKED  
     SCI0_ISR                                  49F6      3C      60       0   NON_BANKED  
     ECT_TimerOverflow_ISR                     4A32       C      12       0   NON_BANKED  
     RTI_ISR                                   4A3E       4       4       0   NON_BANKED  
     TIM0_ISR                                  4A42     1C0     448       1   NON_BANKED  
     TIM4_ISR                                  4C02     1BB     443       0   NON_BANKED  
     TIM5_ISR                                  4DBD      27      39       0   NON_BANKED  
     TIM3_ISR                                  4DE4     904    2308       1   NON_BANKED  
- VARIABLES:
     STRING.CLOSED.6                           429B       7       7       1   .rodata1    
     STRING.Call.Ready.7                       42A2       B      11       1   .rodata1    
     STRING.GPS.Ready.8                        42AD       A      10       1   .rodata1    
     STRING.ERROR.9                            42B7       6       6       1   .rodata1    
     Period                                    322D       2       2       4   .data       
     Duty                                      322F       2       2      45   .data       
     y_Mintempad3                              3231       2       2       4   .data       
     GPRS_init_flag                            328C       1       1      35   .bss        
     GPS_init_flag                             328D       1       1      11   .bss        
     ServerCommand_flag                        328E       1       1      11   .bss        
     PhoneCommand_flag                         328F       1       1       5   .bss        
     Receive_i                                 3290       2       2       4   .bss        
     GSM_buffer_p                              3292       2       2      12   .bss        
     TimerOverflowCounter                      3294       2       2       8   .bss        
     BMS_Start_flag                            3296       1       1       2   .bss        
     BMS_End_flag                              3297       1       1       1   .bss        
     GPS_message_flag                          3298       1       1       8   .bss        
     GPS_BUFFER                                3299      4A      74      32   .bss        
     GPSRecvIndex                              32E3       1       1       6   .bss        
     Rollover_flag                             32E4       1       1       5   .bss        
     gGPRSConnectTimer                         32E5       2       2      20   .bss        
     gGprsInitialTimer                         32E7       2       2      10   .bss        
     gGPSLocationTimer                         32E9       2       2       7   .bss        
     coin_plus_trig                            32EB       1       1       5   .bss        
     TimerA_Counter                            32EC       4       4      31   .bss        
     time_count_PID                            32F0       1       1       3   .bss        
     time_count_PID1                           32F1       1       1       3   .bss        
     OldmaxSpeed                               32F2       1       1       2   .bss        
     freq_500ms                                32F3       1       1       6   .bss        
     freq_5s                                   32F4       1       1       3   .bss        
     freq_15s                                  32F5       1       1       3   .bss        
     freq_60s                                  32F6       1       1       3   .bss        
     rent_freq_flag                            32F7       1       1       4   .bss        
     standby_freq_flag                         32F8       1       1       4   .bss        
     Motorstep_per_sec                         32F9       2       2       6   .bss        
     plus_counter                              32FB       2       2      12   .bss        
     Motorstep_per_sec_count                   32FD       2       2      12   .bss        
     available_time                            32FF       2       2       6   .bss        
     available_metre                           3301       4       4      13   .bss        
     MatrixAD                                  3305      16      22      52   .bss        
     tempiPEDAL                                331B       2       2      16   .bss        
     tempadRateflag                            331D       1       1       1   .bss        
     y_loopangle                               331E       1       1       4   .bss        
     y_angle                                   331F       2       2       7   .bss        
     y_tempangle                               3321       2       2       5   .bss        
     y_Maxtempad3                              3323       2       2       4   .bss        
     aliasFlag1.1                              3325       1       1       3   .bss        
     rxIndex1.2                                3326       1       1       7   .bss        
     aliasFlag.3                               3327       1       1       3   .bss        
     rxIndex.4                                 3328       1       1      10   .bss        
     TCNTdiff1                                 3329       2       2       3   .bss        
     TCNTdiff2                                 332B       2       2       3   .bss        
     currTCNT1.10                              332D       2       2       2   .bss        
     currTCNT2.11                              332F       2       2       2   .bss        
     toubiTCNT1                                3331       2       2       4   .bss        
     ADIndex1                                  3333       1       1       6   .bss        
     ADIndex2                                  3334       1       1       9   .bss        
     preTripMileage.12                         3335       4       4       9   .bss        
     tripMileageChangeIndex.14                 3339       1       1       5   .bss        
     counter.15                                333A       1       1       2   .bss        
     temp3.16                                  333B       1       1       4   .bss        
     preReversState.18                         333C       1       1       3   .bss        
     preLeftlampState.19                       333D       1       1       3   .bss        
     preRightlampState.20                      333E       1       1       3   .bss        
     reversCounter.21                          333F       1       1       5   .bss        
     leftLampCounter.22                        3340       1       1       5   .bss        
     rightLampCounter.23                       3341       1       1       5   .bss        
     tripMileageChange.13                      3342       5       5       3   .bss        
     usart0word                                3529       1       1       3   .common     
     usart1word                                352A       1       1       6   .common     
     usart2word                                352B       1       1       2   .common     
     ServerCommand                             352C      80     128       7   .common     
     PhoneCommand                              35AC      10      16       3   .common     
     GSM_MSG_Buf                               35BC      78     120      12   .common     
     GSM_Receive_Buf                           3634       A      10       1   .common     
     big                                       363E       2       2       1   .common     
     small                                     3640       2       2       1   .common     
     ADtemp                                    3642     1B8     440      26   .common     
MODULE:                 -- Start12.c.o --
- PROCEDURES:
     Init                                     8A7B2      3E      62       2   .text       
     _Startup                                  4000       F      15       0   .init       
- VARIABLES:
     _startupData                              400F       6       6       3   .startData  
- LABELS:
     __SEG_END_SSTACK                          3200       0       0       1               
MODULE:                 -- tcpudp.c.o --
- PROCEDURES:
     ServerCmdProcess                         8A7F0     235     565      55   .text       
     VcuGprsToServerCmd00                     8AA25     1E7     487       2   .text       
     ServerGprsToVcuCmd00                     8AC0C      73     115       2   .text       
     VcuGprsToServerCmd01                     8AC7F     198     408       2   .text       
     ServerGprsToVCUCmd01                     8AE17      51      81       2   .text       
     VcuGprsToServerCmd02                     8AE68      7F     127       2   .text       
     ServerGprsToVcuCmd02                     8AEE7     19C     412       2   .text       
     VcuGprsToServerCmd03                     8B083     141     321       3   .text       
     ServerGprsToVcuCmd03                     8B1C4      3A      58       2   .text       
     VcuGprsToServerCmd04                     8B1FE     1EF     495       3   .text       
     ServerGprsToVcuCmd04                     8B3ED      49      73       2   .text       
     ServerGprsToVcuCmd05                     8B436      40      64       2   .text       
     VcuGprsToServerCmd05                     8B476      EC     236       2   .text       
     VcuGprsToServerCmd06                     8B562      7F     127       2   .text       
     ServerGprsToVcuCmd06                     8B5E1     141     321       2   .text       
     VcuGprsToServerCmd07                     8B722     20F     527       2   .text       
[...]
 |  |  |     |  |  
 |  |  |     |  +- SendBytesToServerByGPRS (see above)
 |  |  |     |     
 |  |  |     +- ServerGprsToVcuCmd11
 |  |  |     |  | 
 |  |  |     |  +- memcpy               (see above)
 |  |  |     |  |  
 |  |  |     |  +- CarStateChange       (see above)
 |  |  |     |     
 |  |  |     +- ServerGprsToVcuCmd12
 |  |  |     |  | 
 |  |  |     |  +- memcpy               (see above)
 |  |  |     |     
 |  |  |     +- ServerGprsToVcuCmd13
 |  |  |     |  | 
 |  |  |     |  +- memcpy               (see above)
 |  |  |     |     
 |  |  |     +- ServerGprsToVcuCmd14
 |  |  |     |  | 
 |  |  |     |  +- memcpy               (see above)
 |  |  |     |     
 |  |  |     +- ServerGprsToVcuCmd15
 |  |  |     |  | 
 |  |  |     |  +- memcpy               (see above)
 |  |  |     |     
 |  |  |     +- VcuGprsToServerCmd15
 |  |  |     |  | 
 |  |  |     |  +- memcpy               (see above)
 |  |  |     |  |  
 |  |  |     |  +- DataEncryption       (see above)
 |  |  |     |  |  
 |  |  |     |  +- GetCRC               (see above)
 |  |  |     |  |  
 |  |  |     |  +- StatisticsEscapeChar (see above)
 |  |  |     |  |  
 |  |  |     |  +- GPRS_Enable_Send_Data_By_UDP_OR_TCP (see above)
 |  |  |     |  |  
 |  |  |     |  +- SendBytesToServerByGPRS (see above)
 |  |  |     |     
 |  |  |     +- WriteCarPara         (see above)
 |  |  |     |  
 |  |  |     +- delayms              (see above)
 |  |  |     |  
 |  |  |     +- WriteBootFlag        (see above)
 |  |  |     |  
 |  |  |     +- ServerGprsToVcuCmd31
 |  |  |     |  | 
 |  |  |     |  +- memcpy               (see above)
 |  |  |     |     
 |  |  |     +- VcuGprsToServerCmd31
 |  |  |     |  | 
 |  |  |     |  +- memcpy               (see above)
 |  |  |     |  |  
 |  |  |     |  +- CarStateChange       (see above)
 |  |  |     |  |  
 |  |  |     |  +- pwm_regesiterset     (see above)
 |  |  |     |  |  
 |  |  |     |  +- SpeedSensorCaptureInit (see above)
 |  |  |     |  |  
 |  |  |     |  +- TripDataInit         (see above)
 |  |  |     |  |  
 |  |  |     |  +- DataEncryption       (see above)
 |  |  |     |  |  
 |  |  |     |  +- GetCRC               (see above)
 |  |  |     |  |  
 |  |  |     |  +- StatisticsEscapeChar (see above)
 |  |  |     |  |  
 |  |  |     |  +- GPRS_Enable_Send_Data_By_UDP_OR_TCP (see above)
 |  |  |     |  |  
 |  |  |     |  +- SendBytesToServerByGPRS (see above)
 |  |  |     |     
 |  |  |     +- ServerGprsToVcuCmd32
 |  |  |     |  | 
 |  |  |     |  +- memcpy               (see above)
 |  |  |     |     
 |  |  |     +- VcuGprsToServerCmd32
 |  |  |        | 
 |  |  |        +- memcpy               (see above)
 |  |  |        |  
 |  |  |        +- CarStateChange       (see above)
 |  |  |        |  
 |  |  |        +- _FUFLOAT             (see above)
 |  |  |        |  
 |  |  |        +- _FDIV                (see above)
 |  |  |        |  
 |  |  |        +- _FUTRUNC             (see above)
 |  |  |        |  
 |  |  |        +- DataEncryption       (see above)
 |  |  |        |  
 |  |  |        +- GetCRC               (see above)
 |  |  |        |  
 |  |  |        +- StatisticsEscapeChar (see above)
 |  |  |        |  
 |  |  |        +- GPRS_Enable_Send_Data_By_UDP_OR_TCP (see above)
 |  |  |        |  
 |  |  |        +- SendBytesToServerByGPRS (see above)
 |  |  |           
 |  |  +- SpeedSensorCaptureInit (see above)
 |  |  |  
 |  |  +- PhoneBTToVcuCmd32   
 |  |  |  | 
 |  |  |  +- memcpy               (see above)
 |  |  |     
 |  |  +- VcuBTToPhoneCmd32   
 |  |  |  | 
 |  |  |  +- memcpy               (see above)
 |  |  |  |  
 |  |  |  +- CarStateChange       (see above)
 |  |  |  |  
 |  |  |  +- GetCRC               (see above)
 |  |  |  |  
 |  |  |  +- SendBytesToPhoneByBT (see above)
 |  |  |     
 |  |  +- PhoneBTToVcuCmd33   
 |  |  |  | 
 |  |  |  +- memcpy               (see above)
 |  |  |     
 |  |  +- VcuBTToPhoneCmd33   
 |  |     | 
 |  |     +- memcpy               (see above)
 |  |     |  
 |  |     +- _FUTRUNC             (see above)
 |  |     |  
 |  |     +- GetCRC               (see above)
 |  |     |  
 |  |     +- SendBytesToPhoneByBT (see above)
 |  |        
 |  +- CommModuleTest      
 |  |  | 
 |  |  +- ReadTestResult      
 |  |  |  | 
 |  |  |  +- _LSHL               
 |  |  |  |    
 |  |  |  +- _LCMP                (see above)
 |  |  |     
 |  |  +- BT_AT_SET_NAME       (see above)
 |  |  |  
 |  |  +- AlarmVoice           (see above)
 |  |  |  
 |  |  +- ClearTestResult     
 |  |  |  | 
 |  |  |  +- _LSHL                (see above)
 |  |  |  |  
 |  |  |  +- _LCOM               
 |  |  |       
 |  |  +- SMBSend             
 |  |  |  | 
 |  |  |  +- smbSendDeviceAddress
 |  |  |  |  | 
 |  |  |  |  +- smbStart            
 |  |  |  |  |  | 
 |  |  |  |  |  +- smbClock            
 |  |  |  |  |  |  | 
 |  |  |  |  |  |  +- smbWait             
 |  |  |  |  |  |       
 |  |  |  |  |  +- smbWait              (see above)
 |  |  |  |  |     
 |  |  |  |  +- smbSendByte         
 |  |  |  |  |  | 
 |  |  |  |  |  +- smbWrite            
 |  |  |  |  |  |  | 
 |  |  |  |  |  |  +- smbClock             (see above)
 |  |  |  |  |  |  |  
 |  |  |  |  |  |  +- smbWait              (see above)
 |  |  |  |  |  |     
 |  |  |  |  |  +- smbClock             (see above)
 |  |  |  |  |  |  
 |  |  |  |  |  +- smbWait              (see above)
 |  |  |  |  |     
 |  |  |  |  +- smbSend             
 |  |  |  |     | 
 |  |  |  |     +- smbStart             (see above)
 |  |  |  |     |  
 |  |  |  |     +- smbSendByte          (see above)
 |  |  |  |     |  
 |  |  |  |     +- smbStop             
 |  |  |  |        | 
 |  |  |  |        +- smbClock             (see above)
 |  |  |  |        |  
 |  |  |  |        +- smbWait              (see above)
 |  |  |  |           
 |  |  |  +- smbSend              (see above)
 |  |  |     
 |  |  +- SMBReceive          
 |  |  |  | 
 |  |  |  +- smbReceive          
 |  |  |     | 
 |  |  |     +- smbSendDeviceAddress (see above)
 |  |  |     |  
 |  |  |     +- smbSend              (see above)
 |  |  |     |  
 |  |  |     +- smbClock             (see above)
 |  |  |     |  
 |  |  |     +- smbReceiveByte      
 |  |  |     |  | 
 |  |  |     |  +- smbRead             
 |  |  |     |     | 
 |  |  |     |     +- smbClock             (see above)
 |  |  |     |     |  
 |  |  |     |     +- smbWait              (see above)
 |  |  |     |        
 |  |  |     +- smbWrite             (see above)
 |  |  |     |  
 |  |  |     +- smbStop              (see above)
 |  |  |        
 |  |  +- MemEqual             (see above)
 |  |  |  
 |  |  +- Init_GPRS           
 |  |  |  | 
 |  |  |  +- GPRS_Start_Task_Set_APN_Usr_Pwd
 |  |  |  |  | 
 |  |  |  |  +- AT_Transmit          (see above)
 |  |  |  |  |  
 |  |  |  |  +- CheckATResp          (see above)
 |  |  |  |     
 |  |  |  +- delayms              (see above)
 |  |  |  |  
 |  |  |  +- GPRS_Wireless_Connect_GPRS_OR_CSD
 |  |  |  |  | 
 |  |  |  |  +- AT_Transmit          (see above)
 |  |  |  |  |  
 |  |  |  |  +- CheckATResp          (see above)
 |  |  |  |     
 |  |  |  +- GPRS_Set_Local_Port 
 |  |  |  |  | 
 |  |  |  |  +- AT_Transmit          (see above)
 |  |  |  |  |  
 |  |  |  |  +- CheckATResp          (see above)
 |  |  |  |     
 |  |  |  +- GPRS_Get_Local_IP   
 |  |  |  |  | 
 |  |  |  |  +- AT_Transmit          (see above)
 |  |  |  |  |  
 |  |  |  |  +- CheckATResp          (see above)
 |  |  |  |     
 |  |  |  +- GPRS_Get_SIM_ICCID  
 |  |  |  |  | 
 |  |  |  |  +- AT_Transmit          (see above)
 |  |  |  |  |  
 |  |  |  |  +- CheckATResp          (see above)
 |  |  |  |  |  
 |  |  |  |  +- memcpy               (see above)
 |  |  |  |     
 |  |  |  +- GPRS_Open_UDP_OR_TCP_Connection
 |  |  |  |  | 
 |  |  |  |  +- AT_Transmit          (see above)
 |  |  |  |  |  
 |  |  |  |  +- CheckATResp          (see above)
 |  |  |  |     
 |  |  |  +- GPRS_Close_UDP_OR_TCP_Connection
 |  |  |  |  | 
 |  |  |  |  +- AT_Transmit          (see above)
 |  |  |  |  |  
 |  |  |  |  +- CheckATResp          (see above)
 |  |  |  |     
 |  |  |  +- GPRS_Close_PDP_Connection
 |  |  |     | 
 |  |  |     +- AT_Transmit          (see above)
 |  |  |     |  
 |  |  |     +- CheckATResp          (see above)
 |  |  |        
 |  |  +- delayms              (see above)
 |  |  |  
 |  |  +- First_GPRS_Init     
 |  |  |  | 
 |  |  |  +- GPRS_Start_Task_Set_APN_Usr_Pwd (see above)
 |  |  |  |  
 |  |  |  +- Set_GPRS_Baudrate   
 |  |  |  |  | 
 |  |  |  |  +- AT_Transmit          (see above)
 |  |  |  |  |  
 |  |  |  |  +- CheckATResp          (see above)
 |  |  |  |     
 |  |  |  +- SetGPS_Baudrate     
 |  |  |  |  | 
 |  |  |  |  +- AT_Transmit          (see above)
 |  |  |  |  |  
 |  |  |  |  +- CheckATResp          (see above)
 |  |  |  |     
 |  |  |  +- Set_Cannel_Reply    
 |  |  |  |  | 
 |  |  |  |  +- AT_Transmit          (see above)
 |  |  |  |  |  
 |  |  |  |  +- CheckATResp          (see above)
 |  |  |  |     
 |  |  |  +- Set_Save            
 |  |  |     | 
 |  |  |     +- AT_Transmit          (see above)
 |  |  |     |  
 |  |  |     +- CheckATResp          (see above)
 |  |  |        
 |  |  +- Init_GPS            
 |  |  |  | 
 |  |  |  +- PowerOn_GPS         
 |  |  |  |  | 
 |  |  |  |  +- AT_Transmit          (see above)
 |  |  |  |  |  
 |  |  |  |  +- CheckATResp          (see above)
 |  |  |  |     
 |  |  |  +- ColdStart_GPS       
 |  |  |  |  | 
 |  |  |  |  +- AT_Transmit          (see above)
 |  |  |  |  |  
 |  |  |  |  +- CheckATResp          (see above)
 |  |  |  |     
 |  |  |  +- SetGPS_Baudrate      (see above)
 |  |  |  |  
 |  |  |  +- OpenGPS_COM_Output  
 |  |  |     | 
 |  |  |     +- AT_Transmit          (see above)
 |  |  |     |  
 |  |  |     +- CheckATResp          (see above)
 |  |  |        
 |  |  +- Cmd_GPS             
 |  |  |  | 
 |  |  |  +- _CASE_CHECKED_BYTE   (see above)
 |  |  |  |  
 |  |  |  +- memcpy               (see above)
 |  |  |  |  
 |  |  |  +- SendBytesGPRS       
 |  |  |     | 
 |  |  |     +- SendByte1            (see above)
 |  |  |        
 |  |  +- GetGPS_Info         
 |  |     | 
 |  |     +- _LMULU16x32         
 |  |     |    
 |  |     +- _FUFLOAT             (see above)
 |  |     |  
 |  |     +- _FDIV                (see above)
 |  |     |  
 |  |     +- _FADD                (see above)
 |  |     |  
 |  |     +- _FCMP                (see above)
 |  |        
 |  +- AlarmTwoVoice       
 |  |  | 
 |  |  +- VoiceQueueAdd        (see above)
 |  |     
 |  +- GPRS_SERVICE_ATTACH 
 |  |  | 
 |  |  +- memcpy               (see above)
 |  |  |  
 |  |  +- AT_Transmit          (see above)
 |  |  |  
 |  |  +- CheckATResp          (see above)
 |  |     
 |  +- Init_GPS             (see above)
 |  |  
 |  +- Init_GPRS            (see above)
 |  |  
 |  +- ReadTestResult       (see above)
 |  |  
 |  +- ClearTestResult      (see above)
 |  |  
 |  +- VcuConnectServerProcess (see above)
 |  |  
 |  +- GPRS_Close_UDP_OR_TCP_Connection (see above)
 |  |  
 |  +- GPRS_Open_UDP_OR_TCP_Connection (see above)
 |  |  
 |  +- GPRS_Close_PDP_Connection (see above)
 |  |  
 |  +- Restart_GPS         
 |  |  | 
 |  |  +- Close_GPS           
 |  |  |  | 
 |  |  |  +- Cmd_GPS              (see above)
 |  |  |     
 |  |  +- delayms              (see above)
 |  |  |  
 |  |  +- Init_GPS             (see above)
 |  |     
 |  +- SpeedSensorCaptureInit (see above)
 |  |  
 |  +- TripDataInit         (see above)
 |  |  
 |  +- ServerCmdProcess     (see above)
 |  |  
 |  +- _COPY               
 |  |    
 |  +- Can_Send            
 |  |  | 
 |  |  +- TimeoutInit          (see above)
 |  |  |  
 |  |  +- TimeoutValidate      (see above)
 |  |  |  
 |  |  +- _CASE_CHECKED       
 |  |       
 |  +- Cmd_GPS              (see above)
 |  |  
 |  +- delayms              (see above)
 |  |  
 |  +- GetGPS_Info          (see above)
 |  |  
 |  +- GPSfence            
 |  |  | 
 |  |  +- compare             
 |  |       
 |  +- _FCMP                (see above)
 |  |  
 |  +- memset               (see above)
 |     
 +- _Startup            
    | 
    +- Init                
    |    
    +- main                 (see above)
       
 CAN_Tx_interrupt    
 | 
 +- _COPY                (see above)
 |  
 +- canchecksum         
 |    
 +- Can_Send             (see above)
    
 Canrx_Process_INT   
 | 
 +- CAN_receive         
 |  | 
 |  +- memcpy               (see above)
 |  |  
 |  +- CarParaFromPCProc   
 |     | 
 |     +- memset               (see above)
 |     |  
 |     +- memcpy               (see above)
 |     |  
 |     +- BCMSecurityAccess    (see above)
 |     |  
 |     +- AlarmVoice           (see above)
 |     |  
 |     +- ClearNCTestResult   
 |     |  | 
 |     |  +- ClearTestResult      (see above)
 |     |     
 |     +- MemEqual             (see above)
 |     |  
 |     +- _FUFLOAT             (see above)
 |     |  
 |     +- _FDIV                (see above)
 |     |  
 |     +- _FMUL                (see above)
 |     |  
 |     +- _FUTRUNC             (see above)
 |     |  
 |     +- ReadTestResult       (see above)
 |     |  
 |     +- _FCMP                (see above)
 |     |  
 |     +- _FSUB                (see above)
 |     |  
 |     +- ClearTestResult      (see above)
 |     |  
 |     +- SetTestResult       
 |     |  | 
 |     |  +- _LSHL                (see above)
 |     |     
 |     +- ReadCarPara          (see above)
 |     |  
 |     +- Read74HC151         
 |     |  | 
 |     |  +- _CASE_CHECKED_BYTE   (see above)
 |     |     
 |     +- epspwm_regesiterset 
 |     |    
 |     +- pwm_regesiterset     (see above)
 |     |  
 |     +- _CASE_DIRECT_BYTE    (see above)
 |     |  
 |     +- _LCMP                (see above)
 |     |  
 |     +- SendByte0           
 |     |    
 |     +- BT_Reset             (see above)
 |     |  
 |     +- _COPY                (see above)
 |     |  
 |     +- Can_Send             (see above)
 |        
 +- CANMark             
    | 
    +- _COPY                (see above)
    |  
    +- canchecksum          (see above)
    |  
    +- RadarAnticollision  
       | 
       +- RadarAbsChangeRateCompute
       |    
       +- _FUFLOAT             (see above)
       |  
       +- _FCMP                (see above)
          
 SCI2_ISR            
   
 SCI1_ISR            
 | 
 +- GetCRC               (see above)
 |  
 +- DataEncryption       (see above)
 |  
 +- AT_Contains          (see above)
    
 SCI0_ISR            
   
 ECT_TimerOverflow_ISR
   
 TIM5_ISR            
   
 TIM4_ISR            
 | 
 +- _FUFLOAT             (see above)
 |  
 +- _FMUL                (see above)
 |  
 +- _FUTRUNC             (see above)
    
 TIM3_ISR            
 | 
 +- _LMODU              
 |  | 
 |  +- _lDivMod             (see above)
 |     
 +- BrakePerforCheck    
 |  | 
 |  +- _FUFLOAT             (see above)
 |  |  
 |  +- _FDIV                (see above)
 |  |  
 |  +- _FMUL                (see above)
 |  |  
 |  +- _FUTRUNC             (see above)
 |     
 +- AlarmTwoVoice        (see above)
 |  
 +- VoiceQueueGet       
 |    
 +- VoiceQueueSub       
 |    
 +- WT588D3LSend        
 |  | 
 |  +- delayms              (see above)
 |  |  
 |  +- delayus              (see above)
 |     
 +- _CASE_CHECKED_BYTE   (see above)
 |  
 +- WT588BUSY           
 |  | 
 |  +- delayus              (see above)
 |     
 +- MakeSound           
 |  | 
 |  +- WT588D3LSend         (see above)
 |     
 +- IO_Control          
 |  | 
 |  +- Read74HC151          (see above)
 |     
 +- ComputeCarAngle     
 |  | 
 |  +- _FUFLOAT             (see above)
 |  |  
 |  +- _FDIV                (see above)
 |  |  
 |  +- _FMUL                (see above)
 |  |  
 |  +- _FSUB                (see above)
 |  |  
 |  +- asin                
 |  |  | 
 |  |  +- is_special           (see above)
 |  |  |  
 |  |  +- _CASE_CHECKED_BYTE   (see above)
 |  |  |  
 |  |  +- fabs                
 |  |  |    
 |  |  +- _FCMP                (see above)
 |  |  |  
 |  |  +- _FMUL                (see above)
 |  |  |  
 |  |  +- _FSUB                (see above)
 |  |  |  
 |  |  +- sqrt                
 |  |  |  | 
 |  |  |  +- is_special           (see above)
 |  |  |  |  
 |  |  |  +- _CASE_CHECKED_BYTE   (see above)
 |  |  |  |  
 |  |  |  +- sqrt_r              
 |  |  |     | 
 |  |  |     +- frexp                (see above)
 |  |  |     |  
 |  |  |     +- _FMUL                (see above)
 |  |  |     |  
 |  |  |     +- _FADD                (see above)
 |  |  |     |  
 |  |  |     +- ldexp                (see above)
 |  |  |     |  
 |  |  |     +- _FDIV                (see above)
 |  |  |     |  
 |  |  |     +- _ILSEXT              (see above)
 |  |  |        
 |  |  +- atan2               
 |  |     | 
 |  |     +- is_special           (see above)
 |  |     |  
 |  |     +- _CASE_CHECKED_BYTE   (see above)
 |  |     |  
 |  |     +- SetSign             
 |  |     |  | 
 |  |     |  +- fabs                 (see above)
 |  |     |  |  
 |  |     |  +- _FNEG                (see above)
 |  |     |     
 |  |     +- fabs                 (see above)
 |  |     |  
 |  |     +- logb                
 |  |     |  | 
 |  |     |  +- frexp                (see above)
 |  |     |     
 |  |     +- ldexp                (see above)
 |  |     |  
 |  |     +- _FCMP                (see above)
 |  |     |  
 |  |     +- _FADD                (see above)
 |  |     |  
 |  |     +- _FMUL                (see above)
 |  |     |  
 |  |     +- _FSTRUNC             (see above)
 |  |     |  
 |  |     +- _FSUB                (see above)
 |  |     |  
 |  |     +- _FDIV                (see above)
 |  |     |  
 |  |     +- _FNEG                (see above)
 |  |        
 |  +- _FSTRUNC             (see above)
 |  |  
 |  +- _FSFLOAT             (see above)
 |  |  
 |  +- _FADD                (see above)
 |     
 +- duty_calculate      
 |  | 
 |  +- _FUFLOAT             (see above)
 |  |  
 |  +- _FMUL                (see above)
 |  |  
 |  +- _FDIV                (see above)
 |  |  
 |  +- _FADD                (see above)
 |  |  
 |  +- _FSUB                (see above)
 |  |  
 |  +- _FUTRUNC             (see above)
 |  |  
 |  +- _FSFLOAT             (see above)
 |     
 +- MotorStopWorkElecMagnetControl
 |  | 
 |  +- _FCMP                (see above)
 |     
 +- memset               (see above)
 |  
 +- _FUFLOAT             (see above)
 |  
 +- _FMUL                (see above)
 |  
 +- _FCMP                (see above)
 |  
 +- _LCMP                (see above)
 |  
 +- ADC_GetValue        
 |    
 +- SignalFilter        
 |  | 
 |  +- _FUFLOAT             (see above)
 |  |  
 |  +- _FDIV                (see above)
 |  |  
 |  +- _FUTRUNC             (see above)
 |     
 +- release_control     
 |  | 
 |  +- epspwm_regesiterset  (see above)
 |     
 +- enter_control       
 |    
 +- driverless_IO_Control
      
 TIM0_ISR            
 | 
 +- MotorWorkElecMagnetControl
 |  | 
 |  +- _FCMP                (see above)
 |     
 +- pwm_regesiterset     (see above)
 |  
 +- vehicle_starting_mode
 |  | 
 |  +- _FSUB                (see above)
 |  |  
 |  +- _FCMP                (see above)
 |  |  
 |  +- _FADD                (see above)
 |  |  
 |  +- pwm_regesiterset     (see above)
 |     
 +- Driving_process     
    | 
    +- pwm_dutyset         
    |  | 
    |  +- _FCMP                (see above)
    |  |  
    |  +- abs                 
    |  |    
    |  +- pwm_regesiterset     (see above)
    |     
    +- abs                  (see above)
    |  
    +- pwm_regesiterset     (see above)
       
 RTI_ISR             
   
*********************************************************************************************
STATISTIC SECTION
---------------------------------------------------------------------------------------------

ExeFile:
--------
Number of blocks to be downloaded: 15
Total size of all blocks to be downloaded: 44661

